// Jest Snapshot v1, https://goo.gl/fbAQLP

exports[`Pruebas en FirstApp Debe de hacer match match con el snapshot 1`] = `
<div>
  <div
    data-testid="test-title"
  >
     
    Hola, soy Goku
     
  </div>
  <h2>
     
     
  </h2>
  <p>
    SOy un subtítulo
     
  </p>
  <p>
    SOy un subtítulo
     
  </p>
</div>
`;
